<html lang="en">

<head>
  <title>2</title>
</head>

<body>
  Alternate:
  <i> <div>1637038322874</div> </i>
</body>

</html>