{"output":{"html":{"/":"/home/steve/projects/airfryts/tests/advanced/output/index.html","/posts/first":"/home/steve/projects/airfryts/tests/advanced/output/posts/first/index.html","/posts/fourth":"/home/steve/projects/airfryts/tests/advanced/output/posts/fourth/index.html","/posts/second":"/home/steve/projects/airfryts/tests/advanced/output/posts/second/index.html","/posts/third":"/home/steve/projects/airfryts/tests/advanced/output/posts/third/index.html","/random/page1":"/home/steve/projects/airfryts/tests/advanced/output/random/page1/index.html","/random/page2":"/home/steve/projects/airfryts/tests/advanced/output/random/page2/index.html","/random/page0":"/home/steve/projects/airfryts/tests/advanced/output/random/page0/index.html"},"entry":{"/":"/home/steve/projects/airfryts/tests/advanced/output/main.js","/posts/first":"/home/steve/projects/airfryts/tests/advanced/output/posts/first/index.js","/posts/fourth":"/home/steve/projects/airfryts/tests/advanced/output/posts/fourth/index.js","/posts/second":"/home/steve/projects/airfryts/tests/advanced/output/posts/second/index.js","/posts/third":"/home/steve/projects/airfryts/tests/advanced/output/posts/third/index.js"},"lib":{"widgets/label":"/home/steve/projects/airfryts/tests/advanced/output/js/widgets/label.js"},"json":{"preGenerate.js":"/home/steve/projects/airfryts/tests/advanced/output/version.json","index":"/home/steve/projects/airfryts/tests/advanced/output/README.md","posts":"/home/steve/projects/airfryts/tests/advanced/output/posts/data.json","postGenerate.js":"/home/steve/projects/airfryts/tests/advanced/output/multipage.json"},"outData":{"posts":{"time":"2021-11-16T04:52:02.812Z"}}}}