{"createdDate":"2021-11-16T04:52:02.795Z","version":1.4}