<html lang="en">

<head>
  <title>0</title>
</head>

<body>
  Alternate:
  <i> <div>1637038322892</div> </i>
</body>

</html>