<html lang="en">

<head>
  <title>1</title>
</head>

<body>
  Alternate:
  <i> <div>1637038322852</div> </i>
</body>

</html>