This is to test the most basic page generation: test 12
